[broadsemis.com/index.html]
[backblue.gif]
[fade.gif]
[index.html]
[broadsemis.com/wp-content/themes/astra/assets/css/minified/frontend.min822f.css]
[broadsemis.com/index.php/feed/index.html]
[broadsemis.com/wp-content/themes/astra/assets/fonts/astra.woff]
[broadsemis.com/wp-includes/css/dist/block-library/style.min080f.css]
[broadsemis.com/wp-content/plugins/job-manager-career/assets/css/thjmf-public080f.css]
[broadsemis.com/index.php/comments/feed/index.html]
[broadsemis.com/wp-includes/css/dashicons.min080f.css]
[broadsemis.com/index.php/home/feed/index.html]
[broadsemis.com/wp-content/plugins/header-footer-elementor/assets/css/header-footer-elementor1f22.css]
[broadsemis.com/wp-content/plugins/elementor/assets/lib/eicons/css/elementor-icons.min21f9.css]
[broadsemis.com/wp-content/plugins/elementor/assets/lib/animations/animations.min2072.css]
[broadsemis.com/wp-content/plugins/elementor/assets/css/frontend.min2072.css]
[broadsemis.com/wp-content/uploads/elementor/css/post-1399fff4.css]
[broadsemis.com/wp-content/plugins/elementor/assets/lib/eicons/fonts/eicons0b93.eot]
[broadsemis.com/wp-content/plugins/elementor/assets/lib/font-awesome/css/all.min2072.css]
[broadsemis.com/wp-content/plugins/elementor/assets/lib/font-awesome/css/v4-shims.min2072.css]
[broadsemis.com/wp-content/uploads/elementor/css/post-14635853.css]
[broadsemis.com/wp-content/plugins/header-footer-elementor/inc/widgets-css/frontend1f22.css]
[broadsemis.com/wp-content/uploads/elementor/css/post-1877dfdf.css]
[broadsemis.com/wp-content/uploads/elementor/css/post-188380b0.css]
[broadsemis.com/wp-content/plugins/elementor/assets/lib/font-awesome/css/fontawesome.min9e0b.css]
[broadsemis.com/wp-content/plugins/elementor/assets/lib/font-awesome/css/regular.min9e0b.css]
[broadsemis.com/wp-content/plugins/elementor/assets/lib/font-awesome/css/solid.min9e0b.css]
[broadsemis.com/wp-content/plugins/elementor/assets/lib/font-awesome/css/brands.min9e0b.css]
[broadsemis.com/wp-includes/js/jquery/jquery.minaf6c.js]
[broadsemis.com/wp-includes/js/jquery/jquery-migrate.mind617.js]
[broadsemis.com/wp-content/plugins/elementor/assets/lib/font-awesome/js/v4-shims.min2072.js]
[broadsemis.com/index.php/wp-json/wp/v2/pages/1463.json]
[broadsemis.com/index.php/wp-json/index.html]
[broadsemis.com/xmlrpc0db0.php]
[broadsemis.com/wp-includes/wlwmanifest.xml]
[broadsemis.com/index.php/wp-json/oembed/1.0/embedd922.json]
[broadsemis.com/index.php/wp-json/oembed/1.0/embed9531]
[broadsemis.com/xmlrpc.php]
[broadsemis.com/wp-content/uploads/2021/06/Broadsemifi-removebg.png]
[broadsemis.com/index.php/services/index.html]
[broadsemis.com/index.php/about/index.html]
[broadsemis.com/wp-content/uploads/2021/06/—Pngtree—cartoon-technology-light-bulb-circuit_5451062-1.png]
[broadsemis.com/index.php/corporate-training/index.html]
[broadsemis.com/index.php/service-3/index.html]
[broadsemis.com/index.php/services-2/index.html]
[broadsemis.com/index.php/careers/index.html]
[broadsemis.com/index.php/service-4/index.html]
[broadsemis.com/index.php/service-1/index.html]
[broadsemis.com/wp-content/uploads/2021/06/—Pngtree—holding-circuit-board-in-hand_5609404-min-2.png]
[broadsemis.com/index.php/contact-2/index.html]
[broadsemis.com/wp-content/uploads/2021/07/—Pngtree—2.5d-technology-internet-server-mobile-phone_4027942-768x768.png]
[broadsemis.com/wp-content/uploads/2020/06/portfolio1-300x300.jpg]
[broadsemis.com/wp-content/uploads/2020/06/portfolio2-300x300.jpg]
[broadsemis.com/wp-content/uploads/2020/06/portfolio3-300x300.jpg]
[broadsemis.com/wp-content/uploads/2020/06/portfolio4-1-300x300.jpg]
[broadsemis.com/wp-content/uploads/2021/06/icons8-male-user.gif]
[broadsemis.com/cdn-cgi/l/email-protection.html]
[broadsemis.com/cdn-cgi/scripts/5c5dd728/cloudflare-static/email-decode.min.js]
[broadsemis.com/wp-content/themes/astra/assets/js/minified/frontend.min822f.js]
[broadsemis.com/wp-content/plugins/job-manager-career/assets/js/thjmf-public7359.js]
[broadsemis.com/wp-content/plugins/mystickymenu/js/detectmobilebrowser91ee.js]
[broadsemis.com/wp-content/plugins/mystickymenu/js/mystickymenu.min91ee.js]
[broadsemis.com/wp-includes/js/wp-embed.min080f.js]
[broadsemis.com/wp-content/plugins/header-footer-elementor/inc/js/frontend1f22.js]
[broadsemis.com/wp-content/plugins/elementor/assets/js/webpack.runtime.min2072.js]
[broadsemis.com/wp-content/plugins/elementor/assets/js/frontend-modules.min2072.js]
[broadsemis.com/wp-content/plugins/elementor/assets/lib/waypoints/waypoints.min05da.js]
[broadsemis.com/wp-includes/js/jquery/ui/core.min35d0.js]
[broadsemis.com/wp-content/plugins/elementor/assets/lib/swiper/swiper.min48f5.js]
[broadsemis.com/wp-content/plugins/elementor/assets/lib/share-link/share-link.min2072.js]
[broadsemis.com/wp-content/plugins/elementor/assets/lib/dialog/dialog.mina288.js]
[broadsemis.com/wp-content/plugins/elementor/assets/js/frontend.min2072.js]
[broadsemis.com/wp-content/plugins/elementor/assets/js/preloaded-modules.min2072.js]
[broadsemis.com/wp-includes/js/underscore.min0028.js]
[broadsemis.com/wp-includes/js/wp-util.min080f.js]
[broadsemis.com/wp-content/plugins/wpforms-lite/assets/js/integrations/elementor/frontend.min8676.js]
[broadsemis.com/index.html]
[broadsemis.com/wp-content/themes/astra/assets/css/minified/frontend.min822f.css]
[broadsemis.com/wp-includes/css/dist/block-library/style.min080f.css]
[broadsemis.com/wp-content/plugins/job-manager-career/assets/css/thjmf-public080f.css]
[broadsemis.com/wp-includes/fonts/dashicons7d4b.eot]
[broadsemis.com/wp-includes/css/dashicons.min080f.css]
[broadsemis.com/wp-content/plugins/header-footer-elementor/assets/css/header-footer-elementor1f22.css]
[broadsemis.com/wp-includes/fonts/dashicons7d4b.ttf]
[broadsemis.com/wp-content/plugins/elementor/assets/lib/eicons/fonts/eiconsa481.eot]
[broadsemis.com/wp-content/plugins/elementor/assets/lib/eicons/fonts/eiconsa481.woff2]
[broadsemis.com/wp-content/plugins/elementor/assets/lib/eicons/fonts/eiconsa481.woff]
[broadsemis.com/wp-content/plugins/elementor/assets/lib/eicons/fonts/eiconsa481.ttf]
[broadsemis.com/wp-content/plugins/elementor/assets/lib/eicons/css/elementor-icons.min21f9.css]
[broadsemis.com/wp-content/plugins/elementor/assets/lib/animations/animations.min2072.css]
[broadsemis.com/wp-content/plugins/elementor/assets/css/frontend.min2072.css]
[broadsemis.com/wp-content/uploads/elementor/css/post-1399fff4.css]
[broadsemis.com/wp-content/plugins/elementor/assets/lib/eicons/fonts/eiconsa481.svg]
[broadsemis.com/wp-content/plugins/elementor/assets/lib/font-awesome/webfonts/fa-brands-400.eot]
[broadsemis.com/wp-content/plugins/elementor/assets/lib/font-awesome/webfonts/fa-brands-400.woff2]
[broadsemis.com/wp-content/plugins/elementor/assets/lib/font-awesome/webfonts/fa-brands-400d41d.eot]
[broadsemis.com/wp-content/plugins/elementor/assets/lib/font-awesome/webfonts/fa-brands-400.woff]
[broadsemis.com/wp-content/plugins/elementor/assets/lib/font-awesome/webfonts/fa-brands-400.ttf]
[broadsemis.com/wp-content/plugins/elementor/assets/lib/font-awesome/webfonts/fa-brands-400.svg]
[broadsemis.com/wp-content/plugins/elementor/assets/lib/font-awesome/webfonts/fa-regular-400.eot]
[broadsemis.com/wp-content/plugins/elementor/assets/lib/font-awesome/webfonts/fa-regular-400d41d.eot]
[broadsemis.com/wp-content/plugins/elementor/assets/lib/font-awesome/webfonts/fa-regular-400.woff2]
[broadsemis.com/wp-content/plugins/elementor/assets/lib/font-awesome/webfonts/fa-regular-400.woff]
[broadsemis.com/wp-content/plugins/elementor/assets/lib/font-awesome/webfonts/fa-regular-400.ttf]
[broadsemis.com/wp-content/plugins/elementor/assets/lib/font-awesome/webfonts/fa-regular-400.svg]
[broadsemis.com/wp-content/plugins/elementor/assets/lib/font-awesome/webfonts/fa-solid-900.eot]
[broadsemis.com/wp-content/plugins/elementor/assets/lib/font-awesome/webfonts/fa-solid-900.woff2]
[broadsemis.com/wp-content/plugins/elementor/assets/lib/font-awesome/webfonts/fa-solid-900d41d.eot]
[broadsemis.com/wp-content/plugins/elementor/assets/lib/font-awesome/webfonts/fa-solid-900.woff]
[broadsemis.com/wp-content/plugins/elementor/assets/lib/font-awesome/webfonts/fa-solid-900.ttf]
[broadsemis.com/wp-content/plugins/elementor/assets/lib/font-awesome/css/all.min2072.css]
[broadsemis.com/wp-content/plugins/elementor/assets/lib/font-awesome/css/v4-shims.min2072.css]
[broadsemis.com/wp-content/uploads/elementor/css/post-14635853.css]
[broadsemis.com/wp-content/plugins/header-footer-elementor/inc/widgets-css/frontend1f22.css]
[broadsemis.com/wp-content/uploads/elementor/css/post-1877dfdf.css]
[broadsemis.com/wp-content/uploads/elementor/css/post-188380b0.css]
[broadsemis.com/wp-content/plugins/elementor/assets/lib/font-awesome/css/fontawesome.min9e0b.css]
[broadsemis.com/wp-content/plugins/elementor/assets/lib/font-awesome/css/regular.min9e0b.css]
[broadsemis.com/wp-content/plugins/elementor/assets/lib/font-awesome/css/solid.min9e0b.css]
[broadsemis.com/wp-content/plugins/elementor/assets/lib/font-awesome/css/brands.min9e0b.css]
[broadsemis.com/wp-includes/js/jquery/jquery.minaf6c.js]
[broadsemis.com/wp-includes/js/jquery/jquery-migrate.mind617.js]
[broadsemis.com/wp-content/plugins/elementor/assets/lib/font-awesome/js/v4-shims.min2072.js]
[broadsemis.com/xmlrpc.php]
[broadsemis.com/wp-content/plugins/elementor/assets/lib/font-awesome/webfonts/fa-solid-900.svg]
[broadsemis.com/wp-content/uploads/elementor/css/post-19996d.css]
[broadsemis.com/Trident/index.html]
[broadsemis.com/index.php/wp-json/wp/v2/pages/19.json]
[broadsemis.com/index.php/wp-json/oembed/1.0/embed46be.json]
[broadsemis.com/index.php/wp-json/oembed/1.0/embeda02a]
[broadsemis.com/wp-content/plugins/elementor/assets/lib/jquery-numerator/jquery-numerator.min3958.js]
[broadsemis.com/index.php/about/index.html]
[broadsemis.com/wp-content/uploads/elementor/css/post-218a12.css]
[broadsemis.com/index.php/wp-json/wp/v2/pages/21.json]
[broadsemis.com/index.php/wp-json/oembed/1.0/embedb919.json]
[broadsemis.com/index.php/wp-json/oembed/1.0/embede5dc]
[broadsemis.com/index.php/services/index.html]
[broadsemis.com/wp-content/uploads/elementor/css/post-23133ac7.css]
[broadsemis.com/index.php/wp-json/wp/v2/pages/2313.json]
[broadsemis.com/index.php/wp-json/oembed/1.0/embed9423.json]
[broadsemis.com/index.php/wp-json/oembed/1.0/embedd0a6]
[broadsemis.com/index.php/corporate-training/index.html]
[broadsemis.com/wp-content/uploads/2021/07/New-Microsoft-PowerPoint-Presentation-5-768x576.png]
[broadsemis.com/wp-content/uploads/elementor/css/post-1633d8d6.css]
[broadsemis.com/index.php/wp-json/wp/v2/pages/1633.json]
[broadsemis.com/index.php/wp-json/oembed/1.0/embed59f7.json]
[broadsemis.com/index.php/wp-json/oembed/1.0/embedcc53]
[broadsemis.com/wp-content/uploads/2021/07/png-5.png]
[broadsemis.com/wp-content/uploads/elementor/thumbs/darkside-p9nqglfrnk6xucpyfshr9r5i4qzxpolb1a1j6kisx4.png]
[broadsemis.com/wp-content/uploads/elementor/thumbs/zusman-p9nqgmdlue885yolaawdu8wyq4vaxdp1dep0nuheqw.png]
[broadsemis.com/wp-content/uploads/elementor/thumbs/ARMOND-p9nqgmdlue885yolaawdu8wyq4vaxdp1dep0nuheqw.png]
[broadsemis.com/wp-content/uploads/elementor/thumbs/larozse-p9nqgnbg189ihkn84tb0eqofbiqo52srpjci54g0ko.png]
[broadsemis.com/wp-content/uploads/elementor/thumbs/ECOCODE-p9nqgo9a82ast6luzbpmz8fvwwm1crwi1nzzmeemeg.png]
[broadsemis.com/wp-content/uploads/elementor/thumbs/BOLEIR-p9nqgo9a82ast6luzbpmz8fvwwm1crwi1nzzmeemeg.png]
[broadsemis.com/wp-content/uploads/elementor/thumbs/GEO-p9nqgo9a82ast6luzbpmz8fvwwm1crwi1nzzmeemeg.png]
[broadsemis.com/wp-content/uploads/elementor/thumbs/x.venox_-p9nqgo9a82ast6luzbpmz8fvwwm1crwi1nzzmeemeg.png]
[broadsemis.com/index.php/services-2/index.html]
[broadsemis.com/wp-content/uploads/elementor/thumbs/FIFTHFLOUR-p9nqgp74ewc34skhtu49jq7ciahekh08dsnh3od888.png]
[broadsemis.com/wp-content/uploads/elementor/css/post-1634616e.css]
[broadsemis.com/index.php/wp-json/wp/v2/pages/1634.json]
[broadsemis.com/index.php/wp-json/oembed/1.0/embedb2af.json]
[broadsemis.com/index.php/wp-json/oembed/1.0/embedf328]
[broadsemis.com/wp-content/uploads/2021/07/png-6.png]
[broadsemis.com/index.php/service-3/index.html]
[broadsemis.com/wp-content/uploads/2021/07/png-7.png]
[broadsemis.com/wp-content/uploads/elementor/css/post-16351a42.css]
[broadsemis.com/index.php/wp-json/wp/v2/pages/1635.json]
[broadsemis.com/index.php/wp-json/oembed/1.0/embed32dd.json]
[broadsemis.com/index.php/wp-json/oembed/1.0/embed8a44]
[broadsemis.com/index.php/service-4/index.html]
[broadsemis.com/wp-content/uploads/2021/07/png-8.png]
[broadsemis.com/wp-content/uploads/elementor/css/post-16323025.css]
[broadsemis.com/index.php/wp-json/wp/v2/pages/1632.json]
[broadsemis.com/index.php/wp-json/oembed/1.0/embed68ab.json]
[broadsemis.com/index.php/wp-json/oembed/1.0/embed62b0]
[broadsemis.com/wp-content/uploads/2021/07/png-4.png]
[broadsemis.com/wp-content/uploads/2021/06/study_1.jpg]
[broadsemis.com/wp-content/uploads/2021/06/study-box_1.jpg]
[broadsemis.com/index.php/service-1/index.html]
[broadsemis.com/wp-content/uploads/2021/06/library.jpg]
[broadsemis.com/wp-content/uploads/elementor/css/post-19111652.css]
[broadsemis.com/index.php/wp-json/wp/v2/pages/1911.json]
[broadsemis.com/index.php/wp-json/oembed/1.0/embedee85.json]
[broadsemis.com/index.php/wp-json/oembed/1.0/embed1e27]
[broadsemis.com/wp-content/uploads/2020/08/imgonline-com-ua-resize-VE8PZ3ZHJz9TzS.png]
[broadsemis.com/index.php/careers/index.html]
[broadsemis.com/wp-content/uploads/2021/07/—Pngtree—we-are-hiring-background-vector_5446486-300x300.png]
[broadsemis.com/index.php/jobs/looking-for-business-development-manager/index.html]
[broadsemis.com/wp-content/uploads/elementor/css/post-93725.css]
[broadsemis.com/wp-content/plugins/wpforms-lite/assets/css/wpforms-base.min8676.css]
[broadsemis.com/index.php/wp-json/wp/v2/pages/9.json]
[broadsemis.com/index.php/wp-json/oembed/1.0/embed7874.json]
[broadsemis.com/index.php/wp-json/oembed/1.0/embed136d]
[broadsemis.com/wp-content/plugins/wpforms-lite/assets/js/jquery.validate.minb3a6.js]
[broadsemis.com/wp-content/plugins/wpforms-lite/assets/js/mailcheck.mincfa9.js]
[broadsemis.com/index.php/contact-2/index.html]
[broadsemis.com/cdn-cgi/l/email-protection.html]
[broadsemis.com/wp-content/themes/astra/assets/js/minified/frontend.min822f.js]
[broadsemis.com/wp-content/plugins/job-manager-career/assets/js/thjmf-public7359.js]
[broadsemis.com/wp-content/plugins/mystickymenu/js/detectmobilebrowser91ee.js]
[broadsemis.com/wp-content/plugins/mystickymenu/js/mystickymenu.min91ee.js]
[broadsemis.com/wp-includes/js/wp-embed.min080f.js]
[broadsemis.com/wp-content/plugins/header-footer-elementor/inc/js/frontend1f22.js]
[broadsemis.com/wp-content/plugins/elementor/assets/js/webpack.runtime.min2072.js]
[broadsemis.com/wp-content/plugins/elementor/assets/js/frontend-modules.min2072.js]
[broadsemis.com/wp-content/plugins/elementor/assets/lib/waypoints/waypoints.min05da.js]
[broadsemis.com/wp-includes/js/jquery/ui/core.min35d0.js]
[broadsemis.com/wp-content/plugins/elementor/assets/lib/swiper/swiper.min48f5.js]
[broadsemis.com/wp-content/plugins/wpforms-lite/assets/js/wpforms8676.js]
[broadsemis.com/wp-content/plugins/elementor/assets/lib/share-link/share-link.min2072.js]
[broadsemis.com/Gecko/index.html]
[broadsemis.com/wp-content/plugins/elementor/assets/lib/dialog/dialog.mina288.js]
[broadsemis.com/Version/index.html]
[broadsemis.com/Edge/index.html]
[broadsemis.com/Firefox/index.html]
[broadsemis.com/version/index-2.html]
[broadsemis.com/-negative.svg]
[broadsemis.com/wp-content/plugins/elementor/assets/js/frontend.min2072.js]
[broadsemis.com/wp-content/plugins/elementor/assets/js/preloaded-modules.min2072.js]
[broadsemis.com/wp-includes/js/underscore.min0028.js]
[broadsemis.com/wp-includes/js/wp-util.min080f.js]
[broadsemis.com/wp-content/plugins/wpforms-lite/assets/js/integrations/elementor/frontend.min8676.js]
[broadsemis.com/wp-content/plugins/elementor/assets/lib/eicons/fonts/eiconsa481.svg]
[broadsemis.com/wp-content/plugins/elementor/assets/lib/font-awesome/webfonts/fa-brands-400.svg]
[broadsemis.com/wp-content/plugins/elementor/assets/lib/font-awesome/webfonts/fa-regular-400.svg]
[broadsemis.com/wp-content/plugins/elementor/assets/lib/font-awesome/webfonts/fa-solid-900.svg]
[broadsemis.com/Trident/index.html]
[broadsemis.com/wp-content/uploads/elementor/css/post-19996d.css]
[broadsemis.com/index5831.html]
[broadsemis.com/wp-content/plugins/elementor/assets/lib/jquery-numerator/jquery-numerator.min3958.js]
[broadsemis.com/wp-content/uploads/elementor/css/post-218a12.css]
[broadsemis.com/index3965.html]
[broadsemis.com/wp-content/uploads/elementor/css/post-23133ac7.css]
[broadsemis.com/indexdce5.html]
[broadsemis.com/wp-content/uploads/elementor/css/post-1633d8d6.css]
[broadsemis.com/index208d.html]
[broadsemis.com/wp-content/uploads/elementor/css/post-1634616e.css]
[broadsemis.com/indexc777.html]
[broadsemis.com/wp-content/uploads/elementor/css/post-16351a42.css]
[broadsemis.com/index652f.html]
[broadsemis.com/wp-content/uploads/elementor/css/post-16323025.css]
[broadsemis.com/index1633.html]
[broadsemis.com/wp-content/uploads/elementor/css/post-19111652.css]
[broadsemis.com/index9c7c.html]
[broadsemis.com/wp-content/uploads/2020/08/imgonline-com-ua-resize-VE8PZ3ZHJz9TzS.html]
[broadsemis.com/index.php/jobs/looking-for-business-development-manager/index.html]
[broadsemis.com/wp-content/uploads/elementor/css/post-93725.css]
[broadsemis.com/wp-content/uploads/2021/06/study_cover.jpg]
[broadsemis.com/wp-content/plugins/wpforms-lite/assets/images/times-solid-white.svg]
[broadsemis.com/wp-content/plugins/wpforms-lite/assets/css/wpforms-base.min8676.css]
[broadsemis.com/indexb5fb.html]
[broadsemis.com/wp-content/plugins/wpforms-lite/assets/js/jquery.validate.minb3a6.js]
[broadsemis.com/index.php/contact-2/optusnet.com.au]
[broadsemis.com/index.php/contact-2/com.au]
[broadsemis.com/index.php/contact-2/net.au]
[broadsemis.com/wp-content/plugins/wpforms-lite/assets/js/mailcheck.mincfa9.js]
[broadsemis.com/wp-content/plugins/wpforms-lite/assets/js/wpforms8676.js]
[broadsemis.com/Edge/index.html]
[broadsemis.com/Gecko/index.html]
[broadsemis.com/Firefox/index.html]
[broadsemis.com/Version/index.html]
[broadsemis.com/version/index-2.html]
[broadsemis.com/-negative.html]
[broadsemis.com/indexbe5a.html]
[broadsemis.com/wp-content/plugins/wpforms-lite/assets/images/times-solid-white.svg]
[broadsemis.com/index.php/contact-2/optusnet.com.html]
[broadsemis.com/index.php/contact-2/com.html]
[broadsemis.com/index.php/contact-2/net.html]
